[2026-02-07T17:25:32.787Z] [INFO] Validating configuration...
[2026-02-07T17:25:32.817Z] [INFO] Configuration validation passed
[2026-02-07T17:25:34.223Z] [ERROR] UnhandledRejection: Error [TOKEN_INVALID]: An invalid token was provided.
[2026-02-07T17:25:36.582Z] [INFO] Graceful shutdown initiated...
[2026-02-07T17:25:36.583Z] [INFO] Discord client disconnected
[2026-02-07T17:25:57.404Z] [INFO] Validating configuration...
[2026-02-07T17:25:57.404Z] [INFO] Configuration validation passed
[2026-02-07T17:26:06.360Z] [INFO] luhnox is ready!
[2026-02-07T17:26:06.857Z] [ERROR] Voice channel not found (invalid ID or not cached)
[2026-02-07T17:26:24.183Z] [INFO] Graceful shutdown initiated...
[2026-02-07T17:26:24.185Z] [INFO] Discord client disconnected
[2026-02-07T17:26:31.462Z] [INFO] Validating configuration...
[2026-02-07T17:26:31.463Z] [INFO] Configuration validation passed
[2026-02-07T17:26:39.797Z] [INFO] luhnox is ready!
[2026-02-07T17:26:47.744Z] [INFO] Graceful shutdown initiated...
[2026-02-07T17:26:47.746Z] [INFO] Discord client disconnected
[2026-02-07T23:01:32.494Z] [INFO] Validating configuration...
[2026-02-07T23:01:32.524Z] [INFO] Configuration validation passed
[2026-02-07T23:01:37.124Z] [INFO] [SECOND] ovaliun is ready!
[2026-02-07T23:01:40.807Z] [INFO] [MAIN] luhnox is ready!
[2026-02-07T23:01:52.130Z] [WARN] Voice connection timeout (attempt 1/3). Retrying in 2971ms...
[2026-02-07T23:01:55.107Z] [INFO] Successfully joined channel: susu🍼 (ID: 1443902406143508585)
[2026-02-07T23:01:55.108Z] [INFO] [SECOND] Joined voice channel — staying connected. Name: susu🍼 | ID: 1443902406143508585
[2026-02-07T23:01:55.808Z] [WARN] Voice connection timeout (attempt 1/3). Retrying in 2105ms...
[2026-02-07T23:01:57.916Z] [INFO] Successfully joined channel: susu🍼 (ID: 1443902406143508585)
[2026-02-07T23:01:57.916Z] [INFO] [MAIN] Joined voice channel — staying connected. Name: susu🍼 | ID: 1443902406143508585
[2026-02-07T23:04:30.541Z] [INFO] [SECOND] config.json changed — oldSettings: {"selfMute":true,"selfDeaf":false,"selfVideo":false}, newSettings: {"selfMute":true,"selfDeaf":false,"selfVideo":false}
[2026-02-07T23:04:30.542Z] [INFO] [SECOND] CHANNEL_ID changed from 1443902406143508585 to 1450044378063179869 — switching voice channels...
[2026-02-07T23:04:30.800Z] [WARN] [SECOND] Detected instant leave from voice (attempt 1/5) — attempting to reconnect...
[2026-02-07T23:04:30.801Z] [INFO] [SECOND] Waiting 2881ms before reconnect attempt...
[2026-02-07T23:04:33.686Z] [INFO] Successfully joined channel: susu🍼 (ID: 1443902406143508585)
[2026-02-07T23:04:33.686Z] [INFO] [SECOND] Reconnected to voice channel.
[2026-02-07T23:04:35.557Z] [INFO] [SECOND] config.json changed — oldSettings: {"selfMute":true,"selfDeaf":false,"selfVideo":false}, newSettings: {"selfMute":true,"selfDeaf":true,"selfVideo":false}
[2026-02-07T23:04:35.558Z] [INFO] [SECOND] CHANNEL_ID changed from 1443902406143508585 to 1450044378063179869 — switching voice channels...
[2026-02-07T23:04:37.565Z] [INFO] Successfully joined channel: nasi🍚 (ID: 1450044378063179869)
[2026-02-07T23:04:37.565Z] [INFO] [SECOND] Successfully switched to new voice channel. Name: nasi🍚 | ID: 1450044378063179869
[2026-02-07T23:04:47.586Z] [WARN] Voice connection timeout (attempt 1/3). Retrying in 2759ms...
[2026-02-07T23:04:50.353Z] [INFO] Successfully joined channel: nasi🍚 (ID: 1450044378063179869)
[2026-02-07T23:04:50.354Z] [INFO] [SECOND] Successfully switched to new voice channel. Name: nasi🍚 | ID: 1450044378063179869
[2026-02-07T23:04:50.584Z] [INFO] [SECOND] config.json changed — oldSettings: {"selfMute":true,"selfDeaf":false,"selfVideo":false}, newSettings: {"selfMute":true,"selfDeaf":true,"selfVideo":false}
[2026-02-07T23:04:50.585Z] [INFO] [SECOND] Voice settings changed (but channel ID same) — updating settings...
[2026-02-07T23:04:50.587Z] [INFO] [SECOND] Attempting lightweight update via connection.sendVoiceStateUpdate
[2026-02-07T23:04:50.587Z] [INFO] [SECOND] Applied voice state via sendVoiceStateUpdate.
[2026-02-07T23:05:05.617Z] [INFO] [SECOND] config.json changed — oldSettings: {"selfMute":true,"selfDeaf":true,"selfVideo":false}, newSettings: {"selfMute":true,"selfDeaf":true,"selfVideo":false}
[2026-02-07T23:05:05.617Z] [INFO] [SECOND] CHANNEL_ID changed from 1450044378063179869 to 1443902406143508585 — switching voice channels...
[2026-02-07T23:05:05.873Z] [WARN] [SECOND] Detected instant leave from voice (attempt 2/5) — attempting to reconnect...
[2026-02-07T23:05:05.874Z] [INFO] [SECOND] Waiting 4360ms before reconnect attempt...
[2026-02-07T23:05:10.245Z] [INFO] Successfully joined channel: nasi🍚 (ID: 1450044378063179869)
[2026-02-07T23:05:10.246Z] [INFO] [SECOND] Reconnected to voice channel.
[2026-02-07T23:05:15.643Z] [INFO] [SECOND] config.json changed — oldSettings: {"selfMute":true,"selfDeaf":true,"selfVideo":false}, newSettings: {"selfMute":true,"selfDeaf":true,"selfVideo":true}
[2026-02-07T23:05:15.644Z] [INFO] [SECOND] CHANNEL_ID changed from 1450044378063179869 to 1443902406143508585 — switching voice channels...
[2026-02-07T23:05:17.653Z] [INFO] Successfully joined channel: susu🍼 (ID: 1443902406143508585)
[2026-02-07T23:05:17.653Z] [INFO] [SECOND] Successfully switched to new voice channel. Name: susu🍼 | ID: 1443902406143508585
[2026-02-07T23:05:22.633Z] [WARN] Voice connection timeout (attempt 1/3). Retrying in 2182ms...
[2026-02-07T23:05:24.821Z] [INFO] Successfully joined channel: susu🍼 (ID: 1443902406143508585)
[2026-02-07T23:05:24.822Z] [INFO] [SECOND] Successfully switched to new voice channel. Name: susu🍼 | ID: 1443902406143508585
[2026-02-07T23:05:25.672Z] [INFO] [SECOND] config.json changed — oldSettings: {"selfMute":true,"selfDeaf":true,"selfVideo":false}, newSettings: {"selfMute":true,"selfDeaf":true,"selfVideo":true}
[2026-02-07T23:05:25.672Z] [INFO] [SECOND] Voice settings changed (but channel ID same) — updating settings...
[2026-02-07T23:05:25.673Z] [INFO] [MAIN] config.json changed — oldSettings: {"selfMute":true,"selfDeaf":false,"selfVideo":false}, newSettings: {"selfMute":true,"selfDeaf":true,"selfVideo":true}
[2026-02-07T23:05:25.674Z] [INFO] [MAIN] Voice settings changed (but channel ID same) — updating settings...
[2026-02-07T23:05:25.675Z] [INFO] [SECOND] Attempting lightweight update via connection.sendVoiceStateUpdate
[2026-02-07T23:05:25.676Z] [INFO] [MAIN] Attempting lightweight update via connection.sendVoiceStateUpdate
[2026-02-07T23:05:25.677Z] [INFO] [SECOND] Applied voice state via sendVoiceStateUpdate.
[2026-02-07T23:05:25.677Z] [INFO] [MAIN] Applied voice state via sendVoiceStateUpdate.
[2026-02-07T23:09:02.197Z] [INFO] Graceful shutdown initiated...
[2026-02-07T23:09:02.565Z] [INFO] All Discord clients disconnected
